// Jest Snapshot v1, https://goo.gl/fbAQLP

exports[`Given the ContinueShopping component When it is rendered Then the SnapShot should match the rendered tree 1`] = `
<View
  accessibilityIgnoresInvertColors={true}
  style={
    Object {
      "flex": 1,
      "resizeMode": "cover",
    }
  }
>
  <Image
    source={
      Object {
        "testUri": "../../../src/assets/images/bakcground.png",
      }
    }
    style={
      Array [
        Object {
          "bottom": 0,
          "left": 0,
          "position": "absolute",
          "right": 0,
          "top": 0,
        },
        Object {
          "height": undefined,
          "width": undefined,
        },
        undefined,
      ]
    }
  />
  <MockedItemComponent />
  <MockedBuyProductsComponent
    navigation={
      Object {
        "navigate": [MockFunction],
      }
    }
  />
</View>
`;
