// Jest Snapshot v1, https://goo.gl/fbAQLP

exports[`Given the Casuistic component When it is rendered with a valid product object and the user has already given feedback yet Then the SnapShot should match the rendered tree 1`] = `
<View
  style={
    Object {
      "alignItems": "center",
      "backgroundColor": "#23485D",
      "flexDirection": "column",
      "height": "100%",
    }
  }
>
  <MockedComponent />
  <View
    style={
      Object {
        "alignItems": "center",
        "backgroundColor": "#152B38",
        "borderRadius": 4,
        "flexDirection": "column",
        "height": "80%",
        "justifyContent": "space-between",
        "marginTop": "2%",
        "width": "95%",
      }
    }
  >
    <View
      style={
        Object {
          "alignItems": "center",
          "backgroundColor": "#1C1C1C",
          "borderRadius": 5,
          "justifyContent": "center",
          "marginTop": "2%",
          "paddingBottom": 15,
          "paddingTop": 15,
          "width": "95%",
        }
      }
    >
      <Text
        style={
          Object {
            "fontFamily": "MontserratRegular",
            "fontSize": 23,
          }
        }
      />
    </View>
    <Image
      source={
        Object {
          "uri": undefined,
        }
      }
      style={
        Object {
          "borderRadius": 4,
          "height": 125,
          "marginBottom": 15,
          "marginTop": 15,
          "width": 125,
        }
      }
    />
    <View
      accessible={true}
      focusable={true}
      onClick={[Function]}
      onResponderGrant={[Function]}
      onResponderMove={[Function]}
      onResponderRelease={[Function]}
      onResponderTerminate={[Function]}
      onResponderTerminationRequest={[Function]}
      onStartShouldSetResponder={[Function]}
      style={
        Object {
          "alignItems": "center",
          "backgroundColor": "#1C1C1C",
          "borderColor": "#23485D",
          "borderRadius": 5,
          "borderWidth": 2,
          "height": "45%",
          "justifyContent": "center",
          "marginBottom": "15%",
          "marginTop": "2%",
          "opacity": 1,
          "width": "85%",
        }
      }
      testID="submitFeedback"
    >
      <Image
        source={
          Object {
            "testUri": "../../../src/assets/images/happy.png",
          }
        }
        style={
          Object {
            "height": 25,
            "marginBottom": 20,
            "marginTop": 20,
            "width": 25,
          }
        }
      />
      <Text
        style={
          Object {
            "color": "#4790BA",
            "fontFamily": "MontserratLight",
            "fontSize": 23,
            "textAlign": "center",
          }
        }
      >
        I just bought it
      </Text>
    </View>
  </View>
  <Modal
    animationType="fade"
    hardwareAccelerated={false}
    transparent={true}
    visible={false}
  >
    <View
      accessible={true}
      focusable={true}
      onClick={[Function]}
      onResponderGrant={[Function]}
      onResponderMove={[Function]}
      onResponderRelease={[Function]}
      onResponderTerminate={[Function]}
      onResponderTerminationRequest={[Function]}
      onStartShouldSetResponder={[Function]}
      style={
        Object {
          "opacity": 1,
        }
      }
      testID="feedbackOk"
    >
      <View
        style={
          Object {
            "backgroundColor": "rgba(0,0,0,0.75)",
            "height": "25%",
          }
        }
      />
      <View
        style={
          Object {
            "alignItems": "center",
            "backgroundColor": "#1C1C1C",
            "borderColor": "#23485D",
            "borderWidth": 2,
            "height": "50%",
            "justifyContent": "space-between",
            "paddingBottom": 25,
            "paddingTop": 25,
          }
        }
      >
        <Image
          source={
            Object {
              "testUri": "../../../src/assets/images/happy.png",
            }
          }
          style={
            Object {
              "height": 25,
              "marginBottom": 20,
              "marginTop": 20,
              "width": 25,
            }
          }
        />
        <Text
          style={
            Object {
              "fontFamily": "MontserratRegular",
              "fontSize": 27,
              "textAlign": "center",
            }
          }
        >
          Thanks for your feedback!
        </Text>
        <Text
          style={
            Object {
              "fontFamily": "MontserratLight",
              "fontSize": 18,
              "textAlign": "center",
            }
          }
        >
           The device has been included in your gadget list as still fully functional.
        </Text>
        <Text
          style={
            Object {
              "fontFamily": "MontserratLight",
              "fontSize": 18,
              "textAlign": "center",
            }
          }
        >
          Remember to come back when it is not usable enymore and indicate the reason why. The community will appreciate it!
        </Text>
        <Text
          style={
            Object {
              "color": "#23485D",
              "fontFamily": "MontserratLight",
              "fontSize": 18,
              "marginTop": "5%",
              "textAlign": "center",
            }
          }
        >
          Tap to go back to the device stats
        </Text>
      </View>
      <View
        style={
          Object {
            "backgroundColor": "rgba(0,0,0,0.75)",
            "height": "25%",
          }
        }
      />
    </View>
  </Modal>
</View>
`;

exports[`Given the Casuistic component When it is rendered with a valid product object and the user has not given feedback yet Then the SnapShot should match the rendered tree 1`] = `
<View
  style={
    Object {
      "alignItems": "center",
      "backgroundColor": "#23485D",
      "flexDirection": "column",
      "height": "100%",
    }
  }
>
  <MockedComponent />
  <View
    style={
      Object {
        "alignItems": "center",
        "backgroundColor": "#152B38",
        "borderRadius": 4,
        "flexDirection": "column",
        "height": "80%",
        "justifyContent": "space-between",
        "marginTop": "2%",
        "width": "95%",
      }
    }
  >
    <View
      style={
        Object {
          "alignItems": "center",
          "backgroundColor": "#1C1C1C",
          "borderRadius": 5,
          "justifyContent": "center",
          "marginTop": "2%",
          "paddingBottom": 15,
          "paddingTop": 15,
          "width": "95%",
        }
      }
    >
      <Text
        style={
          Object {
            "fontFamily": "MontserratRegular",
            "fontSize": 23,
          }
        }
      />
    </View>
    <Image
      source={
        Object {
          "uri": undefined,
        }
      }
      style={
        Object {
          "borderRadius": 4,
          "height": 125,
          "marginBottom": 15,
          "marginTop": 15,
          "width": 125,
        }
      }
    />
    <View
      accessible={true}
      focusable={true}
      onClick={[Function]}
      onResponderGrant={[Function]}
      onResponderMove={[Function]}
      onResponderRelease={[Function]}
      onResponderTerminate={[Function]}
      onResponderTerminationRequest={[Function]}
      onStartShouldSetResponder={[Function]}
      style={
        Object {
          "alignItems": "center",
          "backgroundColor": "#1C1C1C",
          "borderColor": "#23485D",
          "borderRadius": 5,
          "borderWidth": 2,
          "height": "45%",
          "justifyContent": "center",
          "marginBottom": "15%",
          "marginTop": "2%",
          "opacity": 1,
          "width": "85%",
        }
      }
      testID="submitFeedback"
    >
      <Image
        source={
          Object {
            "testUri": "../../../src/assets/images/happy.png",
          }
        }
        style={
          Object {
            "height": 25,
            "marginBottom": 20,
            "marginTop": 20,
            "width": 25,
          }
        }
      />
      <Text
        style={
          Object {
            "color": "#4790BA",
            "fontFamily": "MontserratLight",
            "fontSize": 23,
            "textAlign": "center",
          }
        }
      >
        I just bought it
      </Text>
    </View>
  </View>
  <Modal
    animationType="fade"
    hardwareAccelerated={false}
    transparent={true}
    visible={false}
  >
    <View
      accessible={true}
      focusable={true}
      onClick={[Function]}
      onResponderGrant={[Function]}
      onResponderMove={[Function]}
      onResponderRelease={[Function]}
      onResponderTerminate={[Function]}
      onResponderTerminationRequest={[Function]}
      onStartShouldSetResponder={[Function]}
      style={
        Object {
          "opacity": 1,
        }
      }
      testID="feedbackOk"
    >
      <View
        style={
          Object {
            "backgroundColor": "rgba(0,0,0,0.75)",
            "height": "25%",
          }
        }
      />
      <View
        style={
          Object {
            "alignItems": "center",
            "backgroundColor": "#1C1C1C",
            "borderColor": "#23485D",
            "borderWidth": 2,
            "height": "50%",
            "justifyContent": "space-between",
            "paddingBottom": 25,
            "paddingTop": 25,
          }
        }
      >
        <Image
          source={
            Object {
              "testUri": "../../../src/assets/images/happy.png",
            }
          }
          style={
            Object {
              "height": 25,
              "marginBottom": 20,
              "marginTop": 20,
              "width": 25,
            }
          }
        />
        <Text
          style={
            Object {
              "fontFamily": "MontserratRegular",
              "fontSize": 27,
              "textAlign": "center",
            }
          }
        >
          Thanks for your feedback!
        </Text>
        <Text
          style={
            Object {
              "fontFamily": "MontserratLight",
              "fontSize": 18,
              "textAlign": "center",
            }
          }
        >
           The device has been included in your gadget list as still fully functional.
        </Text>
        <Text
          style={
            Object {
              "fontFamily": "MontserratLight",
              "fontSize": 18,
              "textAlign": "center",
            }
          }
        >
          Remember to come back when it is not usable enymore and indicate the reason why. The community will appreciate it!
        </Text>
        <Text
          style={
            Object {
              "color": "#23485D",
              "fontFamily": "MontserratLight",
              "fontSize": 18,
              "marginTop": "5%",
              "textAlign": "center",
            }
          }
        >
          Tap to go back to the device stats
        </Text>
      </View>
      <View
        style={
          Object {
            "backgroundColor": "rgba(0,0,0,0.75)",
            "height": "25%",
          }
        }
      />
    </View>
  </Modal>
</View>
`;
