// Jest Snapshot v1, https://goo.gl/fbAQLP

exports[`Given the ProductProfile component When it is rendered as top rated Then the SnapShot should match the rendered tree 1`] = `
<View
  accessible={true}
  focusable={true}
  onClick={[Function]}
  onResponderGrant={[Function]}
  onResponderMove={[Function]}
  onResponderRelease={[Function]}
  onResponderTerminate={[Function]}
  onResponderTerminationRequest={[Function]}
  onStartShouldSetResponder={[Function]}
  style={
    Object {
      "alignItems": "center",
      "backgroundColor": "#1C1C1C",
      "borderRadius": 4,
      "flexDirection": "row",
      "justifyContent": "space-between",
      "marginBottom": 5,
      "marginTop": 5,
      "opacity": 1,
      "paddingBottom": 15,
      "paddingLeft": 35,
      "paddingRight": 35,
      "paddingTop": 15,
      "width": "100%",
    }
  }
  testID="profileGoToStats"
>
  <View
    style={
      Object {
        "width": "50%",
      }
    }
  >
    <Text
      style={
        Object {
          "fontFamily": "MontserratRegular",
          "fontSize": 20,
          "marginBottom": 5,
        }
      }
    >
      MiXiao Lite sl 45
    </Text>
    <Text
      style={
        Object {
          "fontFamily": "MontserratRegular",
          "fontSize": 14,
        }
      }
    >
      SumSag
    </Text>
    <Text
      style={
        Object {
          "fontFamily": "MontserratRegular",
          "fontSize": 10,
        }
      }
    >
      smartPhone
    </Text>
  </View>
  <View
    style={
      Object {
        "alignItems": "center",
        "justifyContent": "center",
        "width": "35%",
      }
    }
  >
    <Text
      style={
        Object {
          "color": "hsl(100,100%,75%)",
          "fontFamily": "RobotoBold",
          "fontSize": 40,
          "paddingBottom": 5,
        }
      }
    >
      0.14
    </Text>
    <Text
      style={
        Object {
          "fontFamily": "MontserratRegular",
          "fontSize": 10,
        }
      }
    >
      Obsoletion
    </Text>
  </View>
</View>
`;
